clang version 19.1.7 (https://github.com/llvm/llvm-project.git cd708029e0b2869e80abe31ddb175f7c35361f90)
Target: x86_64-unknown-linux-gnu
Thread model: posix
InstalledDir: /afs/localcell/cm/gv2.6/sysname/pkg.@sys/qct/software/llvm/build_tools/llvm-19.1.7-x86_64-linux-sles12.5/bin
-- Found Python3: /pkg/qct/software/llvm/build_tools/python3.11.4/bin/python3 (found version "3.11.4") found components: Interpreter 
-- Populating eld
-- Configuring done
-- Generating done
-- Build files have been written to: /local/mnt/workspace/cpullvm/cpullvm-toolchain/build/_deps/eld-subbuild
[1/9] Creating directories for 'eld-populate'
[1/9] Performing download step (git clone) for 'eld-populate'
[2/9] Performing update step for 'eld-populate'
[4/9] Performing patch step for 'eld-populate'
Found no patches to apply.
[5/9] No configure step for 'eld-populate'
[6/9] No build step for 'eld-populate'
[7/9] No install step for 'eld-populate'
[8/9] No test step for 'eld-populate'
[9/9] Completed 'eld-populate'
-- Populating picolibc
-- Configuring done
-- Generating done
-- Build files have been written to: /local/mnt/workspace/cpullvm/cpullvm-toolchain/build/_deps/picolibc-subbuild
[1/9] Creating directories for 'picolibc-populate'
[1/9] Performing download step (git clone) for 'picolibc-populate'
